// Vitest Snapshot v1, https://vitest.dev/guide/snapshot.html

exports[`unit:regex > should match ansi sequences ("\\u001b[;mempty param\\u001b[0m") 1`] = `
[
  {
    "ansi": "[;m",
    "csi": "[;m",
    "csi_final": "m",
    "csi_intermediate": "",
    "csi_introducer": "",
    "csi_params": ";",
    "esc": undefined,
    "esc_final": undefined,
    "osc": undefined,
    "osc_command": undefined,
    "osc_data": undefined,
    "osc_introducer": undefined,
    "osc_sep": undefined,
    "osc_terminator": undefined,
  },
  {
    "ansi": "[0m",
    "csi": "[0m",
    "csi_final": "m",
    "csi_intermediate": "",
    "csi_introducer": "",
    "csi_params": "0",
    "esc": undefined,
    "esc_final": undefined,
    "osc": undefined,
    "osc_command": undefined,
    "osc_data": undefined,
    "osc_introducer": undefined,
    "osc_sep": undefined,
    "osc_terminator": undefined,
  },
]
`;

exports[`unit:regex > should match ansi sequences ("\\u001b[0mreset only\\u001b[0m") 1`] = `
[
  {
    "ansi": "[0m",
    "csi": "[0m",
    "csi_final": "m",
    "csi_intermediate": "",
    "csi_introducer": "",
    "csi_params": "0",
    "esc": undefined,
    "esc_final": undefined,
    "osc": undefined,
    "osc_command": undefined,
    "osc_data": undefined,
    "osc_introducer": undefined,
    "osc_sep": undefined,
    "osc_terminator": undefined,
  },
  {
    "ansi": "[0m",
    "csi": "[0m",
    "csi_final": "m",
    "csi_intermediate": "",
    "csi_introducer": "",
    "csi_params": "0",
    "esc": undefined,
    "esc_final": undefined,
    "osc": undefined,
    "osc_command": undefined,
    "osc_data": undefined,
    "osc_introducer": undefined,
    "osc_sep": undefined,
    "osc_terminator": undefined,
  },
]
`;

exports[`unit:regex > should match ansi sequences ("\\u001b[1;2;3;4;5;6;7;8;9;10mmany params\\u001b[0m") 1`] = `
[
  {
    "ansi": "[1;2;3;4;5;6;7;8;9;10m",
    "csi": "[1;2;3;4;5;6;7;8;9;10m",
    "csi_final": "m",
    "csi_intermediate": "",
    "csi_introducer": "",
    "csi_params": "1;2;3;4;5;6;7;8;9;10",
    "esc": undefined,
    "esc_final": undefined,
    "osc": undefined,
    "osc_command": undefined,
    "osc_data": undefined,
    "osc_introducer": undefined,
    "osc_sep": undefined,
    "osc_terminator": undefined,
  },
  {
    "ansi": "[0m",
    "csi": "[0m",
    "csi_final": "m",
    "csi_intermediate": "",
    "csi_introducer": "",
    "csi_params": "0",
    "esc": undefined,
    "esc_final": undefined,
    "osc": undefined,
    "osc_command": undefined,
    "osc_data": undefined,
    "osc_introducer": undefined,
    "osc_sep": undefined,
    "osc_terminator": undefined,
  },
]
`;

exports[`unit:regex > should match ansi sequences ("\\u001b[1mbold text\\u001b[22m") 1`] = `
[
  {
    "ansi": "[1m",
    "csi": "[1m",
    "csi_final": "m",
    "csi_intermediate": "",
    "csi_introducer": "",
    "csi_params": "1",
    "esc": undefined,
    "esc_final": undefined,
    "osc": undefined,
    "osc_command": undefined,
    "osc_data": undefined,
    "osc_introducer": undefined,
    "osc_sep": undefined,
    "osc_terminator": undefined,
  },
  {
    "ansi": "[22m",
    "csi": "[22m",
    "csi_final": "m",
    "csi_intermediate": "",
    "csi_introducer": "",
    "csi_params": "22",
    "esc": undefined,
    "esc_final": undefined,
    "osc": undefined,
    "osc_command": undefined,
    "osc_data": undefined,
    "osc_introducer": undefined,
    "osc_sep": undefined,
    "osc_terminator": undefined,
  },
]
`;

exports[`unit:regex > should match ansi sequences ("\\u001b[2jclear screen\\u001b[hhome") 1`] = `
[
  {
    "ansi": "[2j",
    "csi": "[2j",
    "csi_final": "j",
    "csi_intermediate": "",
    "csi_introducer": "",
    "csi_params": "2",
    "esc": undefined,
    "esc_final": undefined,
    "osc": undefined,
    "osc_command": undefined,
    "osc_data": undefined,
    "osc_introducer": undefined,
    "osc_sep": undefined,
    "osc_terminator": undefined,
  },
  {
    "ansi": "[h",
    "csi": "[h",
    "csi_final": "h",
    "csi_intermediate": "",
    "csi_introducer": "",
    "csi_params": undefined,
    "esc": undefined,
    "esc_final": undefined,
    "osc": undefined,
    "osc_command": undefined,
    "osc_data": undefined,
    "osc_introducer": undefined,
    "osc_sep": undefined,
    "osc_terminator": undefined,
  },
]
`;

exports[`unit:regex > should match ansi sequences ("\\u001b[4m\\u001b[34m\\u001b[1mbold blue underlined text\\u001b[22m\\u001b[39m\\u001b[24m") 1`] = `
[
  {
    "ansi": "[4m",
    "csi": "[4m",
    "csi_final": "m",
    "csi_intermediate": "",
    "csi_introducer": "",
    "csi_params": "4",
    "esc": undefined,
    "esc_final": undefined,
    "osc": undefined,
    "osc_command": undefined,
    "osc_data": undefined,
    "osc_introducer": undefined,
    "osc_sep": undefined,
    "osc_terminator": undefined,
  },
  {
    "ansi": "[34m",
    "csi": "[34m",
    "csi_final": "m",
    "csi_intermediate": "",
    "csi_introducer": "",
    "csi_params": "34",
    "esc": undefined,
    "esc_final": undefined,
    "osc": undefined,
    "osc_command": undefined,
    "osc_data": undefined,
    "osc_introducer": undefined,
    "osc_sep": undefined,
    "osc_terminator": undefined,
  },
  {
    "ansi": "[1m",
    "csi": "[1m",
    "csi_final": "m",
    "csi_intermediate": "",
    "csi_introducer": "",
    "csi_params": "1",
    "esc": undefined,
    "esc_final": undefined,
    "osc": undefined,
    "osc_command": undefined,
    "osc_data": undefined,
    "osc_introducer": undefined,
    "osc_sep": undefined,
    "osc_terminator": undefined,
  },
  {
    "ansi": "[22m",
    "csi": "[22m",
    "csi_final": "m",
    "csi_intermediate": "",
    "csi_introducer": "",
    "csi_params": "22",
    "esc": undefined,
    "esc_final": undefined,
    "osc": undefined,
    "osc_command": undefined,
    "osc_data": undefined,
    "osc_introducer": undefined,
    "osc_sep": undefined,
    "osc_terminator": undefined,
  },
  {
    "ansi": "[39m",
    "csi": "[39m",
    "csi_final": "m",
    "csi_intermediate": "",
    "csi_introducer": "",
    "csi_params": "39",
    "esc": undefined,
    "esc_final": undefined,
    "osc": undefined,
    "osc_command": undefined,
    "osc_data": undefined,
    "osc_introducer": undefined,
    "osc_sep": undefined,
    "osc_terminator": undefined,
  },
  {
    "ansi": "[24m",
    "csi": "[24m",
    "csi_final": "m",
    "csi_intermediate": "",
    "csi_introducer": "",
    "csi_params": "24",
    "esc": undefined,
    "esc_final": undefined,
    "osc": undefined,
    "osc_command": undefined,
    "osc_data": undefined,
    "osc_introducer": undefined,
    "osc_sep": undefined,
    "osc_terminator": undefined,
  },
]
`;

exports[`unit:regex > should match ansi sequences ("\\u001b[31mred \\u001b[1mbold red\\u001b[22m normal red\\u001b[0m") 1`] = `
[
  {
    "ansi": "[31m",
    "csi": "[31m",
    "csi_final": "m",
    "csi_intermediate": "",
    "csi_introducer": "",
    "csi_params": "31",
    "esc": undefined,
    "esc_final": undefined,
    "osc": undefined,
    "osc_command": undefined,
    "osc_data": undefined,
    "osc_introducer": undefined,
    "osc_sep": undefined,
    "osc_terminator": undefined,
  },
  {
    "ansi": "[1m",
    "csi": "[1m",
    "csi_final": "m",
    "csi_intermediate": "",
    "csi_introducer": "",
    "csi_params": "1",
    "esc": undefined,
    "esc_final": undefined,
    "osc": undefined,
    "osc_command": undefined,
    "osc_data": undefined,
    "osc_introducer": undefined,
    "osc_sep": undefined,
    "osc_terminator": undefined,
  },
  {
    "ansi": "[22m",
    "csi": "[22m",
    "csi_final": "m",
    "csi_intermediate": "",
    "csi_introducer": "",
    "csi_params": "22",
    "esc": undefined,
    "esc_final": undefined,
    "osc": undefined,
    "osc_command": undefined,
    "osc_data": undefined,
    "osc_introducer": undefined,
    "osc_sep": undefined,
    "osc_terminator": undefined,
  },
  {
    "ansi": "[0m",
    "csi": "[0m",
    "csi_final": "m",
    "csi_intermediate": "",
    "csi_introducer": "",
    "csi_params": "0",
    "esc": undefined,
    "esc_final": undefined,
    "osc": undefined,
    "osc_command": undefined,
    "osc_data": undefined,
    "osc_introducer": undefined,
    "osc_sep": undefined,
    "osc_terminator": undefined,
  },
]
`;

exports[`unit:regex > should match ansi sequences ("\\u001b[31mred\\u0007text\\u001b[0m") 1`] = `
[
  {
    "ansi": "[31m",
    "csi": "[31m",
    "csi_final": "m",
    "csi_intermediate": "",
    "csi_introducer": "",
    "csi_params": "31",
    "esc": undefined,
    "esc_final": undefined,
    "osc": undefined,
    "osc_command": undefined,
    "osc_data": undefined,
    "osc_introducer": undefined,
    "osc_sep": undefined,
    "osc_terminator": undefined,
  },
  {
    "ansi": "[0m",
    "csi": "[0m",
    "csi_final": "m",
    "csi_intermediate": "",
    "csi_introducer": "",
    "csi_params": "0",
    "esc": undefined,
    "esc_final": undefined,
    "osc": undefined,
    "osc_command": undefined,
    "osc_data": undefined,
    "osc_introducer": undefined,
    "osc_sep": undefined,
    "osc_terminator": undefined,
  },
]
`;

exports[`unit:regex > should match ansi sequences ("\\u001b[32m\\u001b]8;;https://example.com\\u001b\\\\green link\\u001b]8;;\\u001b\\\\\\u001b[0m") 1`] = `
[
  {
    "ansi": "[32m",
    "csi": "[32m",
    "csi_final": "m",
    "csi_intermediate": "",
    "csi_introducer": "",
    "csi_params": "32",
    "esc": undefined,
    "esc_final": undefined,
    "osc": undefined,
    "osc_command": undefined,
    "osc_data": undefined,
    "osc_introducer": undefined,
    "osc_sep": undefined,
    "osc_terminator": undefined,
  },
  {
    "ansi": "]8;;https://example.com\\",
    "csi": undefined,
    "csi_final": undefined,
    "csi_intermediate": undefined,
    "csi_introducer": undefined,
    "csi_params": undefined,
    "esc": undefined,
    "esc_final": undefined,
    "osc": "]8;;https://example.com\\",
    "osc_command": "8",
    "osc_data": ";https://example.com",
    "osc_introducer": "",
    "osc_sep": ";",
    "osc_terminator": "\\",
  },
  {
    "ansi": "]8;;\\",
    "csi": undefined,
    "csi_final": undefined,
    "csi_intermediate": undefined,
    "csi_introducer": undefined,
    "csi_params": undefined,
    "esc": undefined,
    "esc_final": undefined,
    "osc": "]8;;\\",
    "osc_command": "8",
    "osc_data": ";",
    "osc_introducer": "",
    "osc_sep": ";",
    "osc_terminator": "\\",
  },
  {
    "ansi": "[0m",
    "csi": "[0m",
    "csi_final": "m",
    "csi_intermediate": "",
    "csi_introducer": "",
    "csi_params": "0",
    "esc": undefined,
    "esc_final": undefined,
    "osc": undefined,
    "osc_command": undefined,
    "osc_data": undefined,
    "osc_introducer": undefined,
    "osc_sep": undefined,
    "osc_terminator": undefined,
  },
]
`;

exports[`unit:regex > should match ansi sequences ("\\u001b[34m\\u001b[1mbold blue text\\u001b[22m\\u001b[39m") 1`] = `
[
  {
    "ansi": "[34m",
    "csi": "[34m",
    "csi_final": "m",
    "csi_intermediate": "",
    "csi_introducer": "",
    "csi_params": "34",
    "esc": undefined,
    "esc_final": undefined,
    "osc": undefined,
    "osc_command": undefined,
    "osc_data": undefined,
    "osc_introducer": undefined,
    "osc_sep": undefined,
    "osc_terminator": undefined,
  },
  {
    "ansi": "[1m",
    "csi": "[1m",
    "csi_final": "m",
    "csi_intermediate": "",
    "csi_introducer": "",
    "csi_params": "1",
    "esc": undefined,
    "esc_final": undefined,
    "osc": undefined,
    "osc_command": undefined,
    "osc_data": undefined,
    "osc_introducer": undefined,
    "osc_sep": undefined,
    "osc_terminator": undefined,
  },
  {
    "ansi": "[22m",
    "csi": "[22m",
    "csi_final": "m",
    "csi_intermediate": "",
    "csi_introducer": "",
    "csi_params": "22",
    "esc": undefined,
    "esc_final": undefined,
    "osc": undefined,
    "osc_command": undefined,
    "osc_data": undefined,
    "osc_introducer": undefined,
    "osc_sep": undefined,
    "osc_terminator": undefined,
  },
  {
    "ansi": "[39m",
    "csi": "[39m",
    "csi_final": "m",
    "csi_intermediate": "",
    "csi_introducer": "",
    "csi_params": "39",
    "esc": undefined,
    "esc_final": undefined,
    "osc": undefined,
    "osc_command": undefined,
    "osc_data": undefined,
    "osc_introducer": undefined,
    "osc_sep": undefined,
    "osc_terminator": undefined,
  },
]
`;

exports[`unit:regex > should match ansi sequences ("\\u001b[35m✨ purple text with emojis ✨\\u001b[0m") 1`] = `
[
  {
    "ansi": "[35m",
    "csi": "[35m",
    "csi_final": "m",
    "csi_intermediate": "",
    "csi_introducer": "",
    "csi_params": "35",
    "esc": undefined,
    "esc_final": undefined,
    "osc": undefined,
    "osc_command": undefined,
    "osc_data": undefined,
    "osc_introducer": undefined,
    "osc_sep": undefined,
    "osc_terminator": undefined,
  },
  {
    "ansi": "[0m",
    "csi": "[0m",
    "csi_final": "m",
    "csi_intermediate": "",
    "csi_introducer": "",
    "csi_params": "0",
    "esc": undefined,
    "esc_final": undefined,
    "osc": undefined,
    "osc_command": undefined,
    "osc_data": undefined,
    "osc_introducer": undefined,
    "osc_sep": undefined,
    "osc_terminator": undefined,
  },
]
`;

exports[`unit:regex > should match ansi sequences ("\\u001b[104m\\u001b[1mbold text with bright blue background\\u001b[22m\\u001b[49m") 1`] = `
[
  {
    "ansi": "[104m",
    "csi": "[104m",
    "csi_final": "m",
    "csi_intermediate": "",
    "csi_introducer": "",
    "csi_params": "104",
    "esc": undefined,
    "esc_final": undefined,
    "osc": undefined,
    "osc_command": undefined,
    "osc_data": undefined,
    "osc_introducer": undefined,
    "osc_sep": undefined,
    "osc_terminator": undefined,
  },
  {
    "ansi": "[1m",
    "csi": "[1m",
    "csi_final": "m",
    "csi_intermediate": "",
    "csi_introducer": "",
    "csi_params": "1",
    "esc": undefined,
    "esc_final": undefined,
    "osc": undefined,
    "osc_command": undefined,
    "osc_data": undefined,
    "osc_introducer": undefined,
    "osc_sep": undefined,
    "osc_terminator": undefined,
  },
  {
    "ansi": "[22m",
    "csi": "[22m",
    "csi_final": "m",
    "csi_intermediate": "",
    "csi_introducer": "",
    "csi_params": "22",
    "esc": undefined,
    "esc_final": undefined,
    "osc": undefined,
    "osc_command": undefined,
    "osc_data": undefined,
    "osc_introducer": undefined,
    "osc_sep": undefined,
    "osc_terminator": undefined,
  },
  {
    "ansi": "[49m",
    "csi": "[49m",
    "csi_final": "m",
    "csi_intermediate": "",
    "csi_introducer": "",
    "csi_params": "49",
    "esc": undefined,
    "esc_final": undefined,
    "osc": undefined,
    "osc_command": undefined,
    "osc_data": undefined,
    "osc_introducer": undefined,
    "osc_sep": undefined,
    "osc_terminator": undefined,
  },
]
`;

exports[`unit:regex > should match ansi sequences ("\\u001b[99999mtoo big parameter\\u001b[0m") 1`] = `
[
  {
    "ansi": "[0m",
    "csi": "[0m",
    "csi_final": "m",
    "csi_intermediate": "",
    "csi_introducer": "",
    "csi_params": "0",
    "esc": undefined,
    "esc_final": undefined,
    "osc": undefined,
    "osc_command": undefined,
    "osc_data": undefined,
    "osc_introducer": undefined,
    "osc_sep": undefined,
    "osc_terminator": undefined,
  },
]
`;

exports[`unit:regex > should match ansi sequences ("\\u001b[not csi") 1`] = `
[
  {
    "ansi": "[n",
    "csi": "[n",
    "csi_final": "n",
    "csi_intermediate": "",
    "csi_introducer": "",
    "csi_params": undefined,
    "esc": undefined,
    "esc_final": undefined,
    "osc": undefined,
    "osc_command": undefined,
    "osc_data": undefined,
    "osc_introducer": undefined,
    "osc_sep": undefined,
    "osc_terminator": undefined,
  },
]
`;

exports[`unit:regex > should match ansi sequences ("\\u001b]0;terminal title\\u0007some text") 1`] = `
[
  {
    "ansi": "]0;terminal title",
    "csi": undefined,
    "csi_final": undefined,
    "csi_intermediate": undefined,
    "csi_introducer": undefined,
    "csi_params": undefined,
    "esc": undefined,
    "esc_final": undefined,
    "osc": "]0;terminal title",
    "osc_command": "0",
    "osc_data": "terminal title",
    "osc_introducer": "",
    "osc_sep": ";",
    "osc_terminator": "",
  },
]
`;

exports[`unit:regex > should match ansi sequences ("\\u001b]8;;https://a.com\\u001b\\\\a\\u001b]8;;\\u001b\\\\ and \\u001b]8;;https://b.com\\u001b\\\\b\\u001b]8;;\\u001b\\\\") 1`] = `
[
  {
    "ansi": "]8;;https://a.com\\",
    "csi": undefined,
    "csi_final": undefined,
    "csi_intermediate": undefined,
    "csi_introducer": undefined,
    "csi_params": undefined,
    "esc": undefined,
    "esc_final": undefined,
    "osc": "]8;;https://a.com\\",
    "osc_command": "8",
    "osc_data": ";https://a.com",
    "osc_introducer": "",
    "osc_sep": ";",
    "osc_terminator": "\\",
  },
  {
    "ansi": "]8;;\\",
    "csi": undefined,
    "csi_final": undefined,
    "csi_intermediate": undefined,
    "csi_introducer": undefined,
    "csi_params": undefined,
    "esc": undefined,
    "esc_final": undefined,
    "osc": "]8;;\\",
    "osc_command": "8",
    "osc_data": ";",
    "osc_introducer": "",
    "osc_sep": ";",
    "osc_terminator": "\\",
  },
  {
    "ansi": "]8;;https://b.com\\",
    "csi": undefined,
    "csi_final": undefined,
    "csi_intermediate": undefined,
    "csi_introducer": undefined,
    "csi_params": undefined,
    "esc": undefined,
    "esc_final": undefined,
    "osc": "]8;;https://b.com\\",
    "osc_command": "8",
    "osc_data": ";https://b.com",
    "osc_introducer": "",
    "osc_sep": ";",
    "osc_terminator": "\\",
  },
  {
    "ansi": "]8;;\\",
    "csi": undefined,
    "csi_final": undefined,
    "csi_intermediate": undefined,
    "csi_introducer": undefined,
    "csi_params": undefined,
    "esc": undefined,
    "esc_final": undefined,
    "osc": "]8;;\\",
    "osc_command": "8",
    "osc_data": ";",
    "osc_introducer": "",
    "osc_sep": ";",
    "osc_terminator": "\\",
  },
]
`;

exports[`unit:regex > should match ansi sequences ("\\u001b]8;;https://example.com\\u001b\\\\click here\\u001b]8;;\\u001b\\\\") 1`] = `
[
  {
    "ansi": "]8;;https://example.com\\",
    "csi": undefined,
    "csi_final": undefined,
    "csi_intermediate": undefined,
    "csi_introducer": undefined,
    "csi_params": undefined,
    "esc": undefined,
    "esc_final": undefined,
    "osc": "]8;;https://example.com\\",
    "osc_command": "8",
    "osc_data": ";https://example.com",
    "osc_introducer": "",
    "osc_sep": ";",
    "osc_terminator": "\\",
  },
  {
    "ansi": "]8;;\\",
    "csi": undefined,
    "csi_final": undefined,
    "csi_intermediate": undefined,
    "csi_introducer": undefined,
    "csi_params": undefined,
    "esc": undefined,
    "esc_final": undefined,
    "osc": "]8;;\\",
    "osc_command": "8",
    "osc_data": ";",
    "osc_introducer": "",
    "osc_sep": ";",
    "osc_terminator": "\\",
  },
]
`;

exports[`unit:regex > should match ansi sequences ("\\u001b]8;;https://example.com\\u001b\\\\click") 1`] = `
[
  {
    "ansi": "]8;;https://example.com\\",
    "csi": undefined,
    "csi_final": undefined,
    "csi_intermediate": undefined,
    "csi_introducer": undefined,
    "csi_params": undefined,
    "esc": undefined,
    "esc_final": undefined,
    "osc": "]8;;https://example.com\\",
    "osc_command": "8",
    "osc_data": ";https://example.com",
    "osc_introducer": "",
    "osc_sep": ";",
    "osc_terminator": "\\",
  },
]
`;

exports[`unit:regex > should match ansi sequences ("\\u001b]8;;https://example.comclick\\u001b]8;;\\u001b\\\\") 1`] = `
[
  {
    "ansi": "]8;;https://example.comclick]8;;\\",
    "csi": undefined,
    "csi_final": undefined,
    "csi_intermediate": undefined,
    "csi_introducer": undefined,
    "csi_params": undefined,
    "esc": undefined,
    "esc_final": undefined,
    "osc": "]8;;https://example.comclick]8;;\\",
    "osc_command": "8",
    "osc_data": ";https://example.comclick]8;;",
    "osc_introducer": "",
    "osc_sep": ";",
    "osc_terminator": "\\",
  },
]
`;

exports[`unit:regex > should match ansi sequences ("\\u001bPq") 1`] = `
[
  {
    "ansi": "P",
    "csi": undefined,
    "csi_final": undefined,
    "csi_intermediate": undefined,
    "csi_introducer": undefined,
    "csi_params": undefined,
    "esc": "P",
    "esc_final": "P",
    "osc": undefined,
    "osc_command": undefined,
    "osc_data": undefined,
    "osc_introducer": undefined,
    "osc_sep": undefined,
    "osc_terminator": undefined,
  },
]
`;

exports[`unit:regex > should match ansi sequences ("normal text \\u001b[1mbold \\u001b]8;;https://x\\u001b\\\\link\\u001b[0m") 1`] = `
[
  {
    "ansi": "[1m",
    "csi": "[1m",
    "csi_final": "m",
    "csi_intermediate": "",
    "csi_introducer": "",
    "csi_params": "1",
    "esc": undefined,
    "esc_final": undefined,
    "osc": undefined,
    "osc_command": undefined,
    "osc_data": undefined,
    "osc_introducer": undefined,
    "osc_sep": undefined,
    "osc_terminator": undefined,
  },
  {
    "ansi": "]8;;https://x\\",
    "csi": undefined,
    "csi_final": undefined,
    "csi_intermediate": undefined,
    "csi_introducer": undefined,
    "csi_params": undefined,
    "esc": undefined,
    "esc_final": undefined,
    "osc": "]8;;https://x\\",
    "osc_command": "8",
    "osc_data": ";https://x",
    "osc_introducer": "",
    "osc_sep": ";",
    "osc_terminator": "\\",
  },
  {
    "ansi": "[0m",
    "csi": "[0m",
    "csi_final": "m",
    "csi_intermediate": "",
    "csi_introducer": "",
    "csi_params": "0",
    "esc": undefined,
    "esc_final": undefined,
    "osc": undefined,
    "osc_command": undefined,
    "osc_data": undefined,
    "osc_introducer": undefined,
    "osc_sep": undefined,
    "osc_terminator": undefined,
  },
]
`;

exports[`unit:regex > should match ansi sequences ("✅ \\u001b[1mbold text with emoji prefix\\u001b[22m") 1`] = `
[
  {
    "ansi": "[1m",
    "csi": "[1m",
    "csi_final": "m",
    "csi_intermediate": "",
    "csi_introducer": "",
    "csi_params": "1",
    "esc": undefined,
    "esc_final": undefined,
    "osc": undefined,
    "osc_command": undefined,
    "osc_data": undefined,
    "osc_introducer": undefined,
    "osc_sep": undefined,
    "osc_terminator": undefined,
  },
  {
    "ansi": "[22m",
    "csi": "[22m",
    "csi_final": "m",
    "csi_intermediate": "",
    "csi_introducer": "",
    "csi_params": "22",
    "esc": undefined,
    "esc_final": undefined,
    "osc": undefined,
    "osc_command": undefined,
    "osc_data": undefined,
    "osc_introducer": undefined,
    "osc_sep": undefined,
    "osc_terminator": undefined,
  },
]
`;
